app/components/cart/CartTray.tsx(24,66): error TS2551: Property 'Usd' does not exist on type 'typeof CurrencyCode'. Did you mean 'USD'?
app/components/courses/client-sort-and-show.tsx(3,21): error TS2307: Cannot find module 'next/dynamic' or its corresponding type declarations.
app/components/courses/courses.tsx(7,10): error TS2614: Module '"../topOffers/top-offers"' has no exported member 'fakeCategoryProductMap'. Did you mean to use 'import fakeCategoryProductMap from "../topOffers/top-offers"' instead?
app/components/courses/courses.tsx(94,59): error TS7006: Parameter 'course' implicitly has an 'any' type.
app/components/courses/courses.tsx(94,67): error TS7006: Parameter 'index' implicitly has an 'any' type.
app/components/courses/mobile-filter.tsx(296,39): error TS2345: Argument of type 'string | boolean' is not assignable to parameter of type 'boolean'.
  Type 'string' is not assignable to type 'boolean'.
app/components/courses/mobile-filter.tsx(325,37): error TS2345: Argument of type 'string | boolean' is not assignable to parameter of type 'boolean'.
  Type 'string' is not assignable to type 'boolean'.
app/components/faculty/bestFaculty.tsx(2,29): error TS2307: Cannot find module './faculty-card' or its corresponding type declarations.
app/components/faculty/bestFaculty.tsx(18,12): error TS2304: Cannot find name 'facultyMembers'.
app/components/faculty/bestFaculty.tsx(18,41): error TS7006: Parameter 'member' implicitly has an 'any' type.
app/components/faculty/bestFaculty.tsx(18,49): error TS7006: Parameter 'index' implicitly has an 'any' type.
app/components/faculty/bestFaculty.tsx(26,12): error TS2304: Cannot find name 'facultyMembers'.
app/components/faculty/bestFaculty.tsx(26,41): error TS7006: Parameter 'member' implicitly has an 'any' type.
app/components/faculty/bestFaculty.tsx(26,49): error TS7006: Parameter 'index' implicitly has an 'any' type.
app/components/home/HomeBooks.tsx(59,64): error TS2345: Argument of type 'string | undefined' is not assignable to parameter of type 'string'.
  Type 'undefined' is not assignable to type 'string'.
app/components/home/HomeCourses.tsx(61,19): error TS2345: Argument of type 'string | undefined' is not assignable to parameter of type 'string'.
  Type 'undefined' is not assignable to type 'string'.
app/components/topOffers/top-offers.tsx(11,38): error TS7006: Parameter 'item' implicitly has an 'any' type.
app/entry.server.tsx(3,10): error TS2595: 'isbot' can only be imported by using a default import.
app/routes/api.active-order.tsx(37,26): error TS2551: Property 'NoActiveOrderError' does not exist on type 'typeof ErrorCode'. Did you mean 'NO_ACTIVE_ORDER_ERROR'?
app/routes/books.$courseSlug.$subjectSlug.tsx(375,18): error TS2739: Type '{ facetValueCount: number; appliedPaginationLimit: number; appliedPaginationPage: number; totalItems: number; allowedPaginationLimits: Set<number>; onOpenFilters: () => void; }' is missing the following properties from type 'ControlsBarProps': layout, setLayout, sort, setSort
app/routes/faculty.$facultySlug.$typeSlug.tsx(300,18): error TS2739: Type '{ facetValueCount: number; appliedPaginationLimit: number; appliedPaginationPage: number; totalItems: number; allowedPaginationLimits: Set<number>; onOpenFilters: () => void; }' is missing the following properties from type 'ControlsBarProps': layout, setLayout, sort, setSort
node_modules/@cloudflare/workers-types/index.d.ts(17,1): error TS6200: Definitions of the following identifiers conflict with those in another file: DOMException, console, BufferSource, CompileError, RuntimeError, ValueType, Global, ImportValue, ModuleImports, Imports, ExportValue, Exports, Instance, Memory, ImportExportKind, Module, TableKind, Table, self, crypto, caches, performance, origin, Event, EventListener, EventListenerOrEventListenerObject, EventTarget, AbortController, AbortSignal, CustomEvent, Blob, File, CacheStorage, Cache, Crypto, SubtleCrypto, CryptoKey, TextDecoder, TextEncoder, ErrorEvent, MessageEvent, PromiseRejectionEvent, FormData, HeadersInit, Headers, BodyInit, RequestInfo, ReadableStreamReadResult, ReadableStream, ReadableStreamDefaultReader, ReadableStreamBYOBReader, view, desiredSize, byobRequest, signal, WritableStream, WritableStreamDefaultWriter, TransformStream, CompressionStream, DecompressionStream, TextEncoderStream, TextDecoderStream, ByteLengthQueuingStrategy, CountQueuingStrategy, URL, URLSearchParams, CloseEvent, WebSocketEventMap, EventSource, MessagePort, Performance
node_modules/@cloudflare/workers-types/index.d.ts(17,13): error TS2403: Subsequent variable declarations must have the same type.  Variable 'onmessage' must be of type '((this: Window, ev: MessageEvent<any>) => any) | null', but here has type 'never'.
node_modules/@cloudflare/workers-types/index.d.ts(79,50): error TS2508: No base constructor has the specified number of type arguments.
node_modules/@cloudflare/workers-types/index.d.ts(229,5): error TS2717: Subsequent property declarations must have the same type.  Property 'value' must be of type 'T', but here has type 'keyof ValueTypeMap'.
node_modules/@cloudflare/workers-types/index.d.ts(378,12): error TS2315: Type 'EventListenerOrEventListenerObject' is not generic.
node_modules/@cloudflare/workers-types/index.d.ts(385,12): error TS2315: Type 'EventListenerOrEventListenerObject' is not generic.
node_modules/@cloudflare/workers-types/index.d.ts(522,3): error TS2717: Subsequent property declarations must have the same type.  Property 'transfer' must be of type 'Transferable[] | undefined', but here has type 'any[] | undefined'.
node_modules/@cloudflare/workers-types/index.d.ts(859,5): error TS2315: Type 'EventListener' is not generic.
node_modules/@cloudflare/workers-types/index.d.ts(877,14): error TS2315: Type 'EventListenerOrEventListenerObject' is not generic.
node_modules/@cloudflare/workers-types/index.d.ts(887,14): error TS2315: Type 'EventListenerOrEventListenerObject' is not generic.
node_modules/@cloudflare/workers-types/index.d.ts(1356,3): error TS2687: All declarations of 'kty' must have identical modifiers.
node_modules/@cloudflare/workers-types/index.d.ts(1356,3): error TS2717: Subsequent property declarations must have the same type.  Property 'kty' must be of type 'string | undefined', but here has type 'string'.
node_modules/@cloudflare/workers-types/index.d.ts(1592,3): error TS2687: All declarations of 'data' must have identical modifiers.
node_modules/@cloudflare/workers-types/index.d.ts(1592,3): error TS2717: Subsequent property declarations must have the same type.  Property 'data' must be of type 'T | undefined', but here has type 'string | ArrayBuffer'.
node_modules/@cloudflare/workers-types/index.d.ts(1726,3): error TS2687: All declarations of 'tagName' must have identical modifiers.
node_modules/@cloudflare/workers-types/index.d.ts(1727,12): error TS2717: Subsequent property declarations must have the same type.  Property 'attributes' must be of type 'NamedNodeMap', but here has type 'IterableIterator<string[]>'.
node_modules/@cloudflare/workers-types/index.d.ts(1729,12): error TS2717: Subsequent property declarations must have the same type.  Property 'namespaceURI' must be of type 'string | null', but here has type 'string'.
node_modules/@cloudflare/workers-types/index.d.ts(1887,12): error TS2717: Subsequent property declarations must have the same type.  Property 'body' must be of type 'ReadableStream<Uint8Array<ArrayBuffer>> | null', but here has type 'ReadableStream<any> | null'.
node_modules/@cloudflare/workers-types/index.d.ts(1908,13): error TS2403: Subsequent variable declarations must have the same type.  Variable 'Response' must be of type '{ new (body?: BodyInit | null | undefined, init?: ResponseInit | undefined): Response; prototype: Response; error(): Response; json(data: any, init?: ResponseInit | undefined): Response; redirect(url: string | URL, status?: number | undefined): Response; }', but here has type '{ new (body?: BodyInit | null | undefined, init?: ResponseInit | undefined): Response; prototype: Response; error(): Response; redirect(url: string, status?: number | undefined): Response; json(any: any, maybeInit?: ResponseInit | ... 1 more ... | undefined): Response; }'.
node_modules/@cloudflare/workers-types/index.d.ts(1970,3): error TS2687: All declarations of 'type' must have identical modifiers.
node_modules/@cloudflare/workers-types/index.d.ts(1970,3): error TS2717: Subsequent property declarations must have the same type.  Property 'type' must be of type 'ResponseType', but here has type '"error" | "default"'.
node_modules/@cloudflare/workers-types/index.d.ts(1988,13): error TS2403: Subsequent variable declarations must have the same type.  Variable 'Request' must be of type '{ new (input: RequestInfo | URL, init?: RequestInit<CfProperties<unknown>> | undefined): Request<unknown, CfProperties<unknown>>; prototype: Request<...>; }', but here has type '{ new <CfHostMetadata = unknown, Cf = CfProperties<CfHostMetadata>>(input: any, init?: RequestInit<Cf> | undefined): Request<CfHostMetadata, Cf>; prototype: Request<...>; }'.
node_modules/@cloudflare/workers-types/index.d.ts(1991,12): error TS2315: Type 'RequestInfo' is not generic.
node_modules/@cloudflare/workers-types/index.d.ts(2033,12): error TS2717: Subsequent property declarations must have the same type.  Property 'redirect' must be of type 'RequestRedirect', but here has type 'string'.
node_modules/@cloudflare/workers-types/index.d.ts(2063,3): error TS2717: Subsequent property declarations must have the same type.  Property 'redirect' must be of type 'RequestRedirect | undefined', but here has type 'string | undefined'.
node_modules/@cloudflare/workers-types/index.d.ts(2477,3): error TS2717: Subsequent property declarations must have the same type.  Property 'highWaterMark' must be of type 'number | undefined', but here has type 'number | bigint | undefined'.
node_modules/@cloudflare/workers-types/index.d.ts(2478,3): error TS2717: Subsequent property declarations must have the same type.  Property 'size' must be of type 'QueuingStrategySize<T> | undefined', but here has type '((chunk: T) => number | bigint) | undefined'.
node_modules/@cloudflare/workers-types/index.d.ts(2481,3): error TS2717: Subsequent property declarations must have the same type.  Property 'type' must be of type 'undefined', but here has type 'string | undefined'.
node_modules/@cloudflare/workers-types/index.d.ts(2482,3): error TS2717: Subsequent property declarations must have the same type.  Property 'start' must be of type 'UnderlyingSinkStartCallback | undefined', but here has type '((controller: WritableStreamDefaultController) => void | Promise<void>) | undefined'.
node_modules/@cloudflare/workers-types/index.d.ts(2483,3): error TS2717: Subsequent property declarations must have the same type.  Property 'write' must be of type 'UnderlyingSinkWriteCallback<W> | undefined', but here has type '((chunk: W, controller: WritableStreamDefaultController) => void | Promise<void>) | undefined'.
node_modules/@cloudflare/workers-types/index.d.ts(2487,3): error TS2717: Subsequent property declarations must have the same type.  Property 'abort' must be of type 'UnderlyingSinkAbortCallback | undefined', but here has type '((reason: any) => void | Promise<void>) | undefined'.
node_modules/@cloudflare/workers-types/index.d.ts(2488,3): error TS2717: Subsequent property declarations must have the same type.  Property 'close' must be of type 'UnderlyingSinkCloseCallback | undefined', but here has type '(() => void | Promise<void>) | undefined'.
node_modules/@cloudflare/workers-types/index.d.ts(2493,3): error TS2717: Subsequent property declarations must have the same type.  Property 'start' must be of type '((controller: ReadableByteStreamController) => any) | undefined', but here has type '((controller: ReadableByteStreamController) => void | Promise<void>) | undefined'.
node_modules/@cloudflare/workers-types/index.d.ts(2494,3): error TS2717: Subsequent property declarations must have the same type.  Property 'pull' must be of type '((controller: ReadableByteStreamController) => void | PromiseLike<void>) | undefined', but here has type '((controller: ReadableByteStreamController) => void | Promise<void>) | undefined'.
node_modules/@cloudflare/workers-types/index.d.ts(2495,3): error TS2717: Subsequent property declarations must have the same type.  Property 'cancel' must be of type 'UnderlyingSourceCancelCallback | undefined', but here has type '((reason: any) => void | Promise<void>) | undefined'.
node_modules/@cloudflare/workers-types/index.d.ts(2498,3): error TS2717: Subsequent property declarations must have the same type.  Property 'type' must be of type '"bytes" | undefined', but here has type '"" | undefined'.
node_modules/@cloudflare/workers-types/index.d.ts(2499,3): error TS2717: Subsequent property declarations must have the same type.  Property 'start' must be of type 'UnderlyingSourceStartCallback<R> | undefined', but here has type '((controller: ReadableStreamDefaultController<R>) => void | Promise<void>) | undefined'.
node_modules/@cloudflare/workers-types/index.d.ts(2502,3): error TS2717: Subsequent property declarations must have the same type.  Property 'pull' must be of type 'UnderlyingSourcePullCallback<R> | undefined', but here has type '((controller: ReadableStreamDefaultController<R>) => void | Promise<void>) | undefined'.
node_modules/@cloudflare/workers-types/index.d.ts(2505,3): error TS2717: Subsequent property declarations must have the same type.  Property 'cancel' must be of type 'UnderlyingSourceCancelCallback | undefined', but here has type '((reason: any) => void | Promise<void>) | undefined'.
node_modules/@cloudflare/workers-types/index.d.ts(2509,3): error TS2717: Subsequent property declarations must have the same type.  Property 'readableType' must be of type 'undefined', but here has type 'string | undefined'.
node_modules/@cloudflare/workers-types/index.d.ts(2510,3): error TS2717: Subsequent property declarations must have the same type.  Property 'writableType' must be of type 'undefined', but here has type 'string | undefined'.
node_modules/@cloudflare/workers-types/index.d.ts(2511,3): error TS2717: Subsequent property declarations must have the same type.  Property 'start' must be of type 'TransformerStartCallback<O> | undefined', but here has type '((controller: TransformStreamDefaultController<O>) => void | Promise<void>) | undefined'.
node_modules/@cloudflare/workers-types/index.d.ts(2514,3): error TS2717: Subsequent property declarations must have the same type.  Property 'transform' must be of type 'TransformerTransformCallback<I, O> | undefined', but here has type '((chunk: I, controller: TransformStreamDefaultController<O>) => void | Promise<void>) | undefined'.
node_modules/@cloudflare/workers-types/index.d.ts(2518,3): error TS2717: Subsequent property declarations must have the same type.  Property 'flush' must be of type 'TransformerFlushCallback<O> | undefined', but here has type '((controller: TransformStreamDefaultController<O>) => void | Promise<void>) | undefined'.
node_modules/@cloudflare/workers-types/index.d.ts(2690,3): error TS2687: All declarations of 'mode' must have identical modifiers.
node_modules/@cloudflare/workers-types/index.d.ts(2690,3): error TS2717: Subsequent property declarations must have the same type.  Property 'mode' must be of type '"byob" | undefined', but here has type '"byob"'.
node_modules/@cloudflare/workers-types/index.d.ts(3439,13): error TS2403: Subsequent variable declarations must have the same type.  Variable 'WebSocket' must be of type '{ new (url: string | URL, protocols?: string | string[] | undefined): WebSocket; prototype: WebSocket; readonly CONNECTING: 0; readonly OPEN: 1; readonly CLOSING: 2; readonly CLOSED: 3; }', but here has type '{ new (url: string, protocols?: string | string[] | undefined): WebSocket; prototype: WebSocket; readonly READY_STATE_CONNECTING: number; readonly CONNECTING: number; ... 5 more ...; readonly CLOSED: number; }'.
node_modules/@cloudflare/workers-types/index.d.ts(3456,29): error TS2315: Type 'EventTarget' is not generic.
node_modules/@cloudflare/workers-types/index.d.ts(3483,12): error TS2717: Subsequent property declarations must have the same type.  Property 'url' must be of type 'string', but here has type 'string | null'.
node_modules/@cloudflare/workers-types/index.d.ts(3489,12): error TS2717: Subsequent property declarations must have the same type.  Property 'protocol' must be of type 'string', but here has type 'string | null'.
node_modules/@cloudflare/workers-types/index.d.ts(3495,12): error TS2717: Subsequent property declarations must have the same type.  Property 'extensions' must be of type 'string', but here has type 'string | null'.
node_modules/@remix-run/dev/dist/vite/plugin.d.ts(31,15): error TS2694: Namespace '"C:/Users/ROHIT/Desktop/innoaft/shubhamagarwa/node_modules/vite/dist/node/index"' has no exported member 'ResolvedDevEnvironmentOptions'.
node_modules/@remix-run/dev/dist/vite/plugin.d.ts(32,28): error TS2724: '"C:/Users/ROHIT/Desktop/innoaft/shubhamagarwa/node_modules/vite/dist/node/index"' has no exported member named 'BuilderOptions'. Did you mean 'BuildOptions'?
node_modules/@remix-run/dev/dist/vite/plugin.d.ts(49,19): error TS2694: Namespace '"C:/Users/ROHIT/Desktop/innoaft/shubhamagarwa/node_modules/vite/dist/node/index"' has no exported member 'ResolvedDevEnvironmentOptions'.
node_modules/@remix-run/dev/dist/vite/plugin.d.ts(50,21): error TS2694: Namespace '"C:/Users/ROHIT/Desktop/innoaft/shubhamagarwa/node_modules/vite/dist/node/index"' has no exported member 'ResolvedBuildEnvironmentOptions'.
node_modules/@remix-run/node/dist/upload/fileUploadHandler.d.ts(47,22): error TS2420: Class 'NodeOnDiskFile' incorrectly implements interface 'Omit<File, "constructor">'.
  Property 'bytes' is missing in type 'NodeOnDiskFile' but required in type 'Omit<File, "constructor">'.
node_modules/@stripe/react-stripe-js/dist/react-stripe.d.ts(362,24): error TS2724: '"C:/Users/ROHIT/Desktop/innoaft/shubhamagarwa/node_modules/@stripe/stripe-js/types/index"' has no exported member named 'StripePayButtonElementOptions'. Did you mean 'StripePaymentElementOptions'?
node_modules/@stripe/react-stripe-js/dist/react-stripe.d.ts(367,32): error TS2694: Namespace '"C:/Users/ROHIT/Desktop/innoaft/shubhamagarwa/node_modules/@stripe/stripe-js/types/index"' has no exported member 'StripePayButtonElementReadyEvent'.
node_modules/@stripe/react-stripe-js/dist/react-stripe.d.ts(382,32): error TS2694: Namespace '"C:/Users/ROHIT/Desktop/innoaft/shubhamagarwa/node_modules/@stripe/stripe-js/types/index"' has no exported member 'StripePayButtonElementClickEvent'.
node_modules/@stripe/react-stripe-js/dist/react-stripe.d.ts(386,33): error TS2694: Namespace '"C:/Users/ROHIT/Desktop/innoaft/shubhamagarwa/node_modules/@stripe/stripe-js/types/index"' has no exported member 'StripePayButtonElementConfirmEvent'.
node_modules/@stripe/react-stripe-js/dist/react-stripe.d.ts(396,48): error TS2724: '"C:/Users/ROHIT/Desktop/innoaft/shubhamagarwa/node_modules/@stripe/stripe-js/types/index"' has no exported member named 'StripePayButtonElementShippingAddressChangeEvent'. Did you mean 'StripeExpressCheckoutElementShippingAddressChangeEvent'?
node_modules/@stripe/react-stripe-js/dist/react-stripe.d.ts(400,45): error TS2724: '"C:/Users/ROHIT/Desktop/innoaft/shubhamagarwa/node_modules/@stripe/stripe-js/types/index"' has no exported member named 'StripePayButtonElementShippingRateChangeEvent'. Did you mean 'StripeExpressCheckoutElementShippingRateChangeEvent'?
node_modules/@types/react/index.d.ts(4088,78): error TS2344: Type 'HTMLSelectElement' does not satisfy the constraint 'HTMLElement'.
  The types returned by 'remove()' are incompatible between these types.
    Type 'void' is not assignable to type 'Element'.
node_modules/miniflare/dist/src/index.d.ts(3,42): error TS2307: Cannot find module '..' or its corresponding type declarations.
node_modules/miniflare/dist/src/index.d.ts(8,10): error TS2305: Module '"@cspotcode/source-map-support"' has no exported member 'cspotcodeSourceMapSupport'.
node_modules/miniflare/dist/src/index.d.ts(12,52): error TS2307: Cannot find module '..' or its corresponding type declarations.
node_modules/miniflare/dist/src/index.d.ts(22,32): error TS2307: Cannot find module '..' or its corresponding type declarations.
node_modules/miniflare/dist/src/index.d.ts(23,52): error TS2307: Cannot find module './core' or its corresponding type declarations.
node_modules/miniflare/dist/src/index.d.ts(24,74): error TS2307: Cannot find module './shared' or its corresponding type declarations.
node_modules/miniflare/dist/src/index.d.ts(27,30): error TS2307: Cannot find module '..' or its corresponding type declarations.
node_modules/miniflare/dist/src/index.d.ts(29,42): error TS2307: Cannot find module '..' or its corresponding type declarations.
node_modules/miniflare/dist/src/index.d.ts(33,44): error TS2307: Cannot find module './ratelimit' or its corresponding type declarations.
node_modules/miniflare/dist/src/index.d.ts(34,36): error TS2307: Cannot find module './shared' or its corresponding type declarations.
node_modules/miniflare/dist/src/index.d.ts(35,25): error TS2307: Cannot find module '@puppeteer/browsers' or its corresponding type declarations.
node_modules/miniflare/dist/src/index.d.ts(43,78): error TS2307: Cannot find module '..' or its corresponding type declarations.
node_modules/miniflare/dist/src/index.d.ts(44,78): error TS2307: Cannot find module './shared' or its corresponding type declarations.
node_modules/miniflare/dist/src/index.d.ts(48,38): error TS2307: Cannot find module '..' or its corresponding type declarations.
node_modules/miniflare/dist/src/index.d.ts(62,40): error TS2307: Cannot find module '..' or its corresponding type declarations.
node_modules/miniflare/dist/src/index.d.ts(68,65): error TS7016: Could not find a declaration file for module 'workerd'. 'C:/Users/ROHIT/Desktop/innoaft/shubhamagarwa/node_modules/workerd/lib/main.js' implicitly has an 'any' type.
  Try `npm i --save-dev @types/workerd` if it exists or add a new declaration (.d.ts) file containing `declare module 'workerd';`
node_modules/miniflare/dist/src/index.d.ts(72,52): error TS2307: Cannot find module '..' or its corresponding type declarations.
node_modules/miniflare/dist/src/index.d.ts(4523,50): error TS2344: Type 'MockAgent<Options>' does not satisfy the constraint 'Options'.
  Types of property 'enableCallHistory' are incompatible.
    Type '() => MockAgent<Options>' is not assignable to type 'boolean | undefined'.
node_modules/miniflare/dist/src/index.d.ts(4523,86): error TS2344: Type 'MockAgent<Options>' does not satisfy the constraint 'Options'.
  Types of property 'enableCallHistory' are incompatible.
    Type '() => MockAgent<Options>' is not assignable to type 'boolean | undefined'.
node_modules/miniflare/dist/src/index.d.ts(4992,27): error TS2344: Type 'MockAgent<Options>' does not satisfy the constraint 'Options'.
  Types of property 'enableCallHistory' are incompatible.
    Type '() => MockAgent<Options>' is not assignable to type 'boolean | undefined'.
node_modules/miniflare/dist/src/index.d.ts(5159,27): error TS2344: Type 'MockAgent<Options>' does not satisfy the constraint 'Options'.
  Types of property 'enableCallHistory' are incompatible.
    Type '() => MockAgent<Options>' is not assignable to type 'boolean | undefined'.
node_modules/miniflare/dist/src/index.d.ts(5335,27): error TS2344: Type 'MockAgent<Options>' does not satisfy the constraint 'Options'.
  Types of property 'enableCallHistory' are incompatible.
    Type '() => MockAgent<Options>' is not assignable to type 'boolean | undefined'.
node_modules/miniflare/dist/src/index.d.ts(5513,27): error TS2344: Type 'MockAgent<Options>' does not satisfy the constraint 'Options'.
  Types of property 'enableCallHistory' are incompatible.
    Type '() => MockAgent<Options>' is not assignable to type 'boolean | undefined'.
node_modules/miniflare/dist/src/index.d.ts(5690,27): error TS2344: Type 'MockAgent<Options>' does not satisfy the constraint 'Options'.
  Types of property 'enableCallHistory' are incompatible.
    Type '() => MockAgent<Options>' is not assignable to type 'boolean | undefined'.
node_modules/miniflare/dist/src/index.d.ts(5883,27): error TS2344: Type 'MockAgent<Options>' does not satisfy the constraint 'Options'.
  Types of property 'enableCallHistory' are incompatible.
    Type '() => MockAgent<Options>' is not assignable to type 'boolean | undefined'.
node_modules/typescript/lib/lib.dom.d.ts(23,1): error TS6200: Definitions of the following identifiers conflict with those in another file: DOMException, console, BufferSource, CompileError, RuntimeError, ValueType, Global, ImportValue, ModuleImports, Imports, ExportValue, Exports, Instance, Memory, ImportExportKind, Module, TableKind, Table, self, crypto, caches, performance, origin, Event, EventListener, EventListenerOrEventListenerObject, EventTarget, AbortController, AbortSignal, CustomEvent, Blob, File, CacheStorage, Cache, Crypto, SubtleCrypto, CryptoKey, TextDecoder, TextEncoder, ErrorEvent, MessageEvent, PromiseRejectionEvent, FormData, HeadersInit, Headers, BodyInit, RequestInfo, ReadableStreamReadResult, ReadableStream, ReadableStreamDefaultReader, ReadableStreamBYOBReader, view, desiredSize, byobRequest, signal, WritableStream, WritableStreamDefaultWriter, TransformStream, CompressionStream, DecompressionStream, TextEncoderStream, TextDecoderStream, ByteLengthQueuingStrategy, CountQueuingStrategy, URL, URLSearchParams, CloseEvent, WebSocketEventMap, EventSource, MessagePort, Performance
node_modules/typescript/lib/lib.dom.d.ts(917,5): error TS2687: All declarations of 'kty' must have identical modifiers.
node_modules/typescript/lib/lib.dom.d.ts(1207,5): error TS2687: All declarations of 'data' must have identical modifiers.
node_modules/typescript/lib/lib.dom.d.ts(1994,5): error TS2687: All declarations of 'mode' must have identical modifiers.
node_modules/typescript/lib/lib.dom.d.ts(8113,11): error TS2430: Interface 'Comment' incorrectly extends interface 'CharacterData'.
  Types of property 'after' are incompatible.
    Type '(content: string, options?: ContentOptions | undefined) => Comment' is not assignable to type '(...nodes: (string | Node)[]) => void'.
      Types of parameters 'options' and 'nodes' are incompatible.
        Type 'string | Node' is not assignable to type 'ContentOptions | undefined'.
          Type 'string' has no properties in common with type 'ContentOptions'.
node_modules/typescript/lib/lib.dom.d.ts(10294,101): error TS2344: Type 'HTMLElementTagNameMap[K]' does not satisfy the constraint 'Element'.
  Type 'HTMLElement | HTMLCanvasElement | HTMLImageElement | HTMLVideoElement | HTMLAnchorElement | ... 57 more ... | HTMLUListElement' is not assignable to type 'Element'.
    Type 'HTMLSelectElement' is not assignable to type 'Element'.
      The types returned by 'remove()' are incompatible between these types.
        Type 'void' is not assignable to type 'Element'.
node_modules/typescript/lib/lib.dom.d.ts(10701,11): error TS2430: Interface 'Element' incorrectly extends interface 'ChildNode'.
  Types of property 'after' are incompatible.
    Type '(content: string | Response | ReadableStream<any>, options?: ContentOptions | undefined) => Element' is not assignable to type '(...nodes: (string | Node)[]) => void'.
      Types of parameters 'content' and 'nodes' are incompatible.
        Type 'string | Node' is not assignable to type 'string | Response | ReadableStream<any>'.
          Type 'Node' is not assignable to type 'string | Response | ReadableStream<any>'.
node_modules/typescript/lib/lib.dom.d.ts(10701,11): error TS2430: Interface 'Element' incorrectly extends interface 'ParentNode'.
  Types of property 'append' are incompatible.
    Type '(content: string | Response | ReadableStream<any>, options?: ContentOptions | undefined) => Element' is not assignable to type '(...nodes: (string | Node)[]) => void'.
      Types of parameters 'content' and 'nodes' are incompatible.
        Type 'string | Node' is not assignable to type 'string | Response | ReadableStream<any>'.
          Type 'Node' is not assignable to type 'string | Response | ReadableStream<any>'.
node_modules/typescript/lib/lib.dom.d.ts(10840,14): error TS2687: All declarations of 'tagName' must have identical modifiers.
node_modules/typescript/lib/lib.dom.d.ts(10921,101): error TS2344: Type 'HTMLElementTagNameMap[K]' does not satisfy the constraint 'Element'.
  Type 'HTMLElement | HTMLCanvasElement | HTMLImageElement | HTMLVideoElement | HTMLAnchorElement | ... 57 more ... | HTMLUListElement' is not assignable to type 'Element'.
    Type 'HTMLSelectElement' is not assignable to type 'Element'.
      The types returned by 'remove()' are incompatible between these types.
        Type 'void' is not assignable to type 'Element'.
node_modules/typescript/lib/lib.dom.d.ts(16421,11): error TS2430: Interface 'HTMLSelectElement' incorrectly extends interface 'HTMLElement'.
  The types returned by 'remove()' are incompatible between these types.
    Type 'void' is not assignable to type 'Element'.
node_modules/typescript/lib/lib.dom.d.ts(26352,14): error TS2687: All declarations of 'type' must have identical modifiers.
node_modules/typescript/lib/lib.dom.d.ts(31738,11): error TS2430: Interface 'Text' incorrectly extends interface 'CharacterData'.
  Types of property 'after' are incompatible.
    Type '(content: string | Response | ReadableStream<any>, options?: ContentOptions | undefined) => Text' is not assignable to type '(...nodes: (string | Node)[]) => void'.
      Types of parameters 'content' and 'nodes' are incompatible.
        Type 'string | Node' is not assignable to type 'string | Response | ReadableStream<any>'.
          Type 'Node' is not assignable to type 'string | Response | ReadableStream<any>'.
node_modules/wrangler/wrangler-dist/cli.d.ts(1,476): error TS2307: Cannot find module '@cloudflare/workers-utils' or its corresponding type declarations.
node_modules/wrangler/wrangler-dist/cli.d.ts(2,136): error TS2307: Cannot find module '@cloudflare/workers-utils' or its corresponding type declarations.
node_modules/wrangler/wrangler-dist/cli.d.ts(6,43): error TS2307: Cannot find module '@cloudflare/workers-shared' or its corresponding type declarations.
node_modules/wrangler/wrangler-dist/cli.d.ts(8,22): error TS2307: Cannot find module 'devtools-protocol/types/protocol-mapping' or its corresponding type declarations.
node_modules/wrangler/wrangler-dist/cli.d.ts(10,43): error TS2307: Cannot find module '@cloudflare/containers-shared' or its corresponding type declarations.
node_modules/wrangler/wrangler-dist/cli.d.ts(13,111): error TS7016: Could not find a declaration file for module 'yargs'. 'C:/Users/ROHIT/Desktop/innoaft/shubhamagarwa/node_modules/yargs/index.mjs' implicitly has an 'any' type.
  Try `npm i --save-dev @types/yargs` if it exists or add a new declaration (.d.ts) file containing `declare module 'yargs';`
node_modules/wrangler/wrangler-dist/cli.d.ts(14,24): error TS2307: Cannot find module 'cloudflare' or its corresponding type declarations.
